2025-10-04 14:38:06,694 - sign_language - INFO - [realtime]📸 Image capture system initialized[/realtime]
2025-10-04 14:38:06,696 - sign_language - INFO - [success]✅ Camera 0 connected successfully[/success]
2025-10-04 14:38:06,696 - sign_language - INFO - [info]Output directory: ./data/test[/info]
2025-10-04 14:38:56,387 - sign_language - INFO - [realtime]📸 Image capture system initialized[/realtime]
2025-10-04 14:38:56,388 - sign_language - INFO - [success]✅ Camera 0 connected successfully[/success]
2025-10-04 14:38:56,389 - sign_language - INFO - [info]Output directory: ./data/test[/info]
2025-10-04 14:38:57,488 - sign_language - INFO - [success]✅ Completed hello: 1/1 images captured[/success]
2025-10-04 14:38:58,537 - sign_language - INFO - [success]✅ Completed iloveyou: 1/1 images captured[/success]
2025-10-04 14:38:59,608 - sign_language - INFO - [success]✅ Completed thankyou: 1/1 images captured[/success]
2025-10-04 14:39:00,674 - sign_language - INFO - [success]✅ Completed yes: 1/1 images captured[/success]
2025-10-04 14:39:01,731 - sign_language - INFO - [success]✅ Completed no: 1/1 images captured[/success]
2025-10-04 14:39:01,789 - sign_language - INFO - [info]Camera released and windows closed[/info]
2025-10-04 14:39:31,426 - sign_language - INFO - [realtime]📸 Image capture system initialized[/realtime]
2025-10-04 14:39:31,427 - sign_language - INFO - [success]✅ Camera 0 connected successfully[/success]
2025-10-04 14:39:31,428 - sign_language - INFO - [info]Output directory: ./data/test[/info]
2025-10-04 14:39:32,558 - sign_language - INFO - [success]✅ Completed hello: 1/1 images captured[/success]
2025-10-04 14:39:33,622 - sign_language - INFO - [success]✅ Completed iloveyou: 1/1 images captured[/success]
2025-10-04 14:39:34,688 - sign_language - INFO - [success]✅ Completed thankyou: 1/1 images captured[/success]
2025-10-04 14:39:35,744 - sign_language - INFO - [success]✅ Completed yes: 1/1 images captured[/success]
2025-10-04 14:39:36,791 - sign_language - INFO - [success]✅ Completed no: 1/1 images captured[/success]
2025-10-04 14:39:36,849 - sign_language - INFO - [info]Camera released and windows closed[/info]
2025-10-04 14:39:51,773 - sign_language - INFO - [realtime]📸 Image capture system initialized[/realtime]
2025-10-04 14:39:51,775 - sign_language - INFO - [success]✅ Camera 0 connected successfully[/success]
2025-10-04 14:39:51,775 - sign_language - INFO - [info]Output directory: ./data/test[/info]
2025-10-04 14:39:57,137 - sign_language - INFO - [success]✅ Completed hello: 5/5 images captured[/success]
2025-10-04 14:40:02,468 - sign_language - INFO - [success]✅ Completed iloveyou: 5/5 images captured[/success]
2025-10-04 14:40:07,802 - sign_language - INFO - [success]✅ Completed thankyou: 5/5 images captured[/success]
2025-10-04 14:58:16,790 - sign_language - INFO - [realtime]📸 Image capture system initialized[/realtime]
2025-10-04 14:58:16,791 - sign_language - INFO - [success]✅ Camera 0 connected successfully[/success]
2025-10-04 14:58:16,792 - sign_language - INFO - [info]Output directory: ./data/train[/info]
2025-10-04 14:59:09,888 - sign_language - INFO - [realtime]📸 Image capture system initialized[/realtime]
2025-10-04 14:59:09,889 - sign_language - INFO - [success]✅ Camera 0 connected successfully[/success]
2025-10-04 14:59:09,890 - sign_language - INFO - [info]Output directory: ./data/train[/info]
2025-10-04 14:59:52,551 - sign_language - INFO - [success]✅ Completed hello: 40/40 images captured[/success]
2025-10-04 15:00:35,185 - sign_language - INFO - [success]✅ Completed iloveyou: 40/40 images captured[/success]
2025-10-04 15:01:17,795 - sign_language - INFO - [success]✅ Completed thankyou: 40/40 images captured[/success]
2025-10-04 15:02:00,399 - sign_language - INFO - [success]✅ Completed drink: 40/40 images captured[/success]
2025-10-04 15:02:43,070 - sign_language - INFO - [success]✅ Completed food: 40/40 images captured[/success]
2025-10-04 15:03:25,676 - sign_language - INFO - [success]✅ Completed ready: 40/40 images captured[/success]
2025-10-04 15:04:08,282 - sign_language - INFO - [success]✅ Completed no: 40/40 images captured[/success]
2025-10-04 15:04:50,886 - sign_language - INFO - [success]✅ Completed bathroom: 40/40 images captured[/success]
2025-10-04 15:05:33,490 - sign_language - INFO - [success]✅ Completed sorry: 40/40 images captured[/success]
2025-10-04 15:06:16,064 - sign_language - INFO - [success]✅ Completed please: 40/40 images captured[/success]
2025-10-04 15:06:58,667 - sign_language - INFO - [success]✅ Completed stop: 40/40 images captured[/success]
2025-10-04 15:07:41,271 - sign_language - INFO - [success]✅ Completed help: 40/40 images captured[/success]
2025-10-04 15:08:23,808 - sign_language - INFO - [success]✅ Completed yes: 40/40 images captured[/success]
2025-10-04 15:09:06,452 - sign_language - INFO - [success]✅ Completed stand: 40/40 images captured[/success]
2025-10-04 15:09:49,052 - sign_language - INFO - [success]✅ Completed sit: 40/40 images captured[/success]
2025-10-04 15:10:31,623 - sign_language - INFO - [success]✅ Completed good night: 40/40 images captured[/success]
2025-10-04 15:11:14,219 - sign_language - INFO - [success]✅ Completed good morning: 40/40 images captured[/success]
2025-10-04 15:11:56,870 - sign_language - INFO - [success]✅ Completed thirsty: 40/40 images captured[/success]
2025-10-04 15:12:39,475 - sign_language - INFO - [success]✅ Completed today: 40/40 images captured[/success]
2025-10-04 15:12:39,514 - sign_language - INFO - [info]Camera released and windows closed[/info]
